// Jest Snapshot v1, https://goo.gl/fbAQLP

exports[`Library matches its snapshot 1`] = `
<section
  className="library_container"
>
  <div
    className="library_settings"
  >
    <div
      className="settings"
    >
      <div
        className="oct_ins_pre"
      >
        <div
          className="prehear_container"
        >
          <input
            className="prehear"
            id="prehear"
            onChange={[Function]}
            type="checkbox"
          />
          <label
            className="prehear_label"
            htmlFor="prehear"
          >
            prehear
          </label>
        </div>
        <div
          className="instrument_container"
        >
          instrument
          <div
            className="wave_icons_container"
          >
            <div
              className="sine_triangle"
            >
              <label>
                <input
                  name="voice"
                  onClick={[Function]}
                  type="radio"
                  value="sine"
                />
                <img
                  className="wave_icon"
                  src="sine.png"
                />
              </label>
              <label>
                <input
                  defaultChecked={true}
                  name="voice"
                  onClick={[Function]}
                  type="radio"
                  value="triangle"
                />
                <img
                  className="wave_icon"
                  src="triangle.png"
                />
              </label>
            </div>
            <div
              className="saw_square"
            >
              <label>
                <input
                  name="voice"
                  onClick={[Function]}
                  type="radio"
                  value="sawtooth"
                />
                <img
                  className="wave_icon"
                  src="sawtooth.png"
                />
              </label>
              <label>
                <input
                  name="voice"
                  onClick={[Function]}
                  type="radio"
                  value="square"
                />
                <img
                  className="wave_icon"
                  src="square.png"
                />
              </label>
            </div>
          </div>
        </div>
        <div
          className="octave_container"
        >
          <label
            htmlFor="octave"
          >
            octave: 
            0
          </label>
          <br />
          <input
            className="octave"
            defaultValue="0"
            max="2"
            min="-2"
            name="octave"
            onChange={[Function]}
            type="range"
          />
        </div>
      </div>
      <button
        className="insert_chord"
        disabled={true}
        onClick={[Function]}
      >
        insert chord
      </button>
      <p
        className="login_message"
      >
        Log in to save your progression!
      </p>
      <div
        className="new_save_tooltip response hidden"
        id="response"
      >
        
      </div>
      <div
        className="update_tooltip hidden"
        id="update_tooltip"
      >
        <button
          className="save"
          onClick={[Function]}
        >
          Save as new
        </button>
        <button
          className="save"
          onClick={[Function]}
        >
          Overwrite existing
        </button>
        <button
          className="save"
          onClick={[Function]}
        >
          Cancel
        </button>
      </div>
      <div
        className="new_save_tooltip hidden"
        id="new_save_tooltip"
      >
        <label
          htmlFor="prog_name"
        >
          Name:
        </label>
        <input
          id="prog_name"
          onChange={[Function]}
          type="text"
        />
        <div
          className="save_cancel"
        >
          <button
            className="save"
            onClick={[Function]}
          >
            Save
          </button>
          <button
            className="save"
            onClick={[Function]}
          >
            Cancel
          </button>
        </div>
      </div>
    </div>
    <div
      className="library"
    >
      <button
        className="back hidden"
        onClick={[Function]}
      >
        &lt; back to scales
      </button>
      <ul
        className="scales "
      >
        <li
          className="scale"
          onClick={[Function]}
        >
          Maj
        </li>
        <li
          className="scale"
          onClick={[Function]}
        >
          Min
        </li>
        <li
          className="scale"
          onClick={[Function]}
        >
          Maj7
        </li>
        <li
          className="scale"
          onClick={[Function]}
        >
          Min7
        </li>
        <li
          className="scale"
          onClick={[Function]}
        >
          Dim
        </li>
        <li
          className="scale"
          onClick={[Function]}
        >
          Dom7
        </li>
        <li
          className="scale"
          onClick={[Function]}
        >
          Sus2
        </li>
        <li
          className="scale"
          onClick={[Function]}
        >
          Sus4
        </li>
        <li
          className="scale"
          onClick={[Function]}
        >
          Aug
        </li>
      </ul>
      <ul
        className="scales chords hidden"
      >
        <li
          className="scale"
          onClick={[Function]}
        >
          A
        </li>
        <li
          className="scale"
          onClick={[Function]}
        >
          Bb
        </li>
        <li
          className="scale"
          onClick={[Function]}
        >
          B
        </li>
        <li
          className="scale"
          onClick={[Function]}
        >
          C
        </li>
        <li
          className="scale"
          onClick={[Function]}
        >
          Db
        </li>
        <li
          className="scale"
          onClick={[Function]}
        >
          D
        </li>
        <li
          className="scale"
          onClick={[Function]}
        >
          Eb
        </li>
        <li
          className="scale"
          onClick={[Function]}
        >
          E
        </li>
        <li
          className="scale"
          onClick={[Function]}
        >
          F
        </li>
        <li
          className="scale"
          onClick={[Function]}
        >
          Gb
        </li>
        <li
          className="scale"
          onClick={[Function]}
        >
          G
        </li>
        <li
          className="scale"
          onClick={[Function]}
        >
          Ab
        </li>
      </ul>
    </div>
  </div>
</section>
`;
