// Jest Snapshot v1, https://goo.gl/fbAQLP

exports[`Editor matches its snapshot 1`] = `
Array [
  <section
    className="timeline"
  >
    <div
      className="hidden"
    >
      now editing: "
      "
    </div>
    <div
      className="hidden"
    >
      <div
        className="note_container"
        viewBox="25 25 50 50"
      >
        <img
          className="music_note"
          src="loading-icon.png"
        />
      </div>
      Oops, try again in a few seconds...
    </div>
    <div
      className="play_stop_buttons"
    >
      <button
        onClick={[Function]}
      >
        <img
          alt="play button"
          className="play_stop_icon"
          src="play-button.png"
        />
      </button>
          
      <button
        onClick={[Function]}
      >
        <img
          alt="stop button"
          className="play_stop_icon"
          src="stop-button.png"
        />
      </button>
    </div>
    <div
      className="global_view"
    >
      <span
        className="global maj g"
      >
        _
      </span>
      <span
        className="global maj b"
      >
        _
      </span>
      <span
        className="global min e"
      >
        _
      </span>
      <span
        className="global maj c"
      >
        _
      </span>
      <span
        className="global_inactive g"
      >
        _
      </span>
      <span
        className="global_inactive b"
      >
        _
      </span>
      <span
        className="global_inactive c"
      >
        _
      </span>
    </div>
    <div
      className="player_timeline"
    >
      <div
        className="chord_box one maj g"
      >
        <button
          className="delete_chord"
          onClick={[Function]}
        >
          <img
            alt="delete chord"
            src="delete-button.png"
          />
        </button>
        <span
          className="chord_label "
          onClick={[Function]}
        >
          G
          <section
            className="chord_info hidden"
          >
            <div
              className="info_label"
            >
              maj
            </div>
            <div
              className="info_label"
            >
              sawtooth
            </div>
            <div
              className="info_label"
            >
              -2
            </div>
          </section>
        </span>
        <div
          className="move_chord_buttons"
        >
          <button
            className="move_chord_right"
            onClick={[Function]}
          >
            <img
              alt="move right"
              src="move-right-arrow.png"
            />
          </button>
        </div>
      </div>
      <div
        className="chord_box two maj b"
      >
        <button
          className="delete_chord"
          onClick={[Function]}
        >
          <img
            alt="delete chord"
            src="delete-button.png"
          />
        </button>
        <span
          className="chord_label "
          onClick={[Function]}
        >
          B
          <section
            className="chord_info hidden"
          >
            <div
              className="info_label"
            >
              maj
            </div>
            <div
              className="info_label"
            >
              sawtooth
            </div>
            <div
              className="info_label"
            >
              -2
            </div>
          </section>
        </span>
        <div
          className="move_chord_buttons"
        >
          <button
            className="move_chord_left"
            onClick={[Function]}
          >
            <img
              alt="move left"
              src="move-left-arrow.png"
            />
          </button>
          <button
            className="move_chord_right"
            onClick={[Function]}
          >
            <img
              alt="move right"
              src="move-right-arrow.png"
            />
          </button>
        </div>
      </div>
      <div
        className="chord_box three min e"
      >
        <button
          className="delete_chord"
          onClick={[Function]}
        >
          <img
            alt="delete chord"
            src="delete-button.png"
          />
        </button>
        <span
          className="chord_label "
          onClick={[Function]}
        >
          E
          <section
            className="chord_info hidden"
          >
            <div
              className="info_label"
            >
              min
            </div>
            <div
              className="info_label"
            >
              sawtooth
            </div>
            <div
              className="info_label"
            >
              -2
            </div>
          </section>
        </span>
        <div
          className="move_chord_buttons"
        >
          <button
            className="move_chord_left"
            onClick={[Function]}
          >
            <img
              alt="move left"
              src="move-left-arrow.png"
            />
          </button>
          <button
            className="move_chord_right"
            onClick={[Function]}
          >
            <img
              alt="move right"
              src="move-right-arrow.png"
            />
          </button>
        </div>
      </div>
      <div
        className="chord_box four maj c"
      >
        <button
          className="delete_chord"
          onClick={[Function]}
        >
          <img
            alt="delete chord"
            src="delete-button.png"
          />
        </button>
        <span
          className="chord_label "
          onClick={[Function]}
        >
          C
          <section
            className="chord_info hidden"
          >
            <div
              className="info_label"
            >
              maj
            </div>
            <div
              className="info_label"
            >
              sawtooth
            </div>
            <div
              className="info_label"
            >
              -2
            </div>
          </section>
        </span>
        <div
          className="move_chord_buttons"
        >
          <button
            className="move_chord_left"
            onClick={[Function]}
          >
            <img
              alt="move left"
              src="move-left-arrow.png"
            />
          </button>
          <button
            className="move_chord_right"
            onClick={[Function]}
          >
            <img
              alt="move right"
              src="move-right-arrow.png"
            />
          </button>
        </div>
      </div>
    </div>
    <div
      className="scrubber_buttons"
    >
      <button
        onClick={[Function]}
      >
        <img
          alt="scrub left"
          src="scrub-left-arrow.png"
        />
      </button>
      <div
        className="slide_container"
      >
        <label
          className="volume"
          htmlFor="volume"
        >
          Volume: 
          25
          %
        </label>
        <input
          className="volume_slider"
          defaultValue="25"
          id="volume"
          max="100"
          min="0"
          onChange={[Function]}
          type="range"
        />
      </div>
      <div
        className="slide_container"
      >
        <label
          className="speed"
          htmlFor="speed"
        >
          Speed: 
          160
           BPM
        </label>
        <input
          className="speed_slider"
          defaultValue="30"
          id="speed"
          max="100"
          min="1"
          onChange={[Function]}
          type="range"
        />
      </div>
      <button
        onClick={[Function]}
      >
        <img
          alt="scrub right"
          src="scrub-right-arrow.png"
        />
      </button>
    </div>
    <div
      className="jump_buttons"
    >
      <button
        onClick={[Function]}
      >
        <img
          alt="jump to beginning"
          src="jump-left-arrow.png"
        />
      </button>
      <button
        onClick={[Function]}
      >
        <img
          alt="jump to end"
          src="jump-right-arrow.png"
        />
      </button>
    </div>
  </section>,
  <section
    className="library_container"
  >
    <div
      className="library_settings"
    >
      <div
        className="settings"
      >
        <div
          className="oct_ins_pre"
        >
          <div
            className="prehear_container"
          >
            <input
              className="prehear"
              id="prehear"
              onChange={[Function]}
              type="checkbox"
            />
            <label
              className="prehear_label"
              htmlFor="prehear"
            >
              prehear
            </label>
          </div>
          <div
            className="instrument_container"
          >
            instrument
            <div
              className="wave_icons_container"
            >
              <div
                className="sine_triangle"
              >
                <label>
                  <input
                    name="voice"
                    onClick={[Function]}
                    type="radio"
                    value="sine"
                  />
                  <img
                    className="wave_icon"
                    src="sine.png"
                  />
                </label>
                <label>
                  <input
                    defaultChecked={true}
                    name="voice"
                    onClick={[Function]}
                    type="radio"
                    value="triangle"
                  />
                  <img
                    className="wave_icon"
                    src="triangle.png"
                  />
                </label>
              </div>
              <div
                className="saw_square"
              >
                <label>
                  <input
                    name="voice"
                    onClick={[Function]}
                    type="radio"
                    value="sawtooth"
                  />
                  <img
                    className="wave_icon"
                    src="sawtooth.png"
                  />
                </label>
                <label>
                  <input
                    name="voice"
                    onClick={[Function]}
                    type="radio"
                    value="square"
                  />
                  <img
                    className="wave_icon"
                    src="square.png"
                  />
                </label>
              </div>
            </div>
          </div>
          <div
            className="octave_container"
          >
            <label
              htmlFor="octave"
            >
              octave: 
              0
            </label>
            <br />
            <input
              className="octave"
              defaultValue="0"
              max="2"
              min="-2"
              name="octave"
              onChange={[Function]}
              type="range"
            />
          </div>
        </div>
        <button
          className="insert_chord"
          disabled={true}
          onClick={[Function]}
        >
          insert chord
        </button>
        <p
          className="login_message"
        >
          Log in to save your progression!
        </p>
        <div
          className="new_save_tooltip response hidden"
          id="response"
        >
          
        </div>
        <div
          className="update_tooltip hidden"
          id="update_tooltip"
        >
          <button
            className="save"
            onClick={[Function]}
          >
            Save as new
          </button>
          <button
            className="save"
            onClick={[Function]}
          >
            Overwrite existing
          </button>
          <button
            className="save"
            onClick={[Function]}
          >
            Cancel
          </button>
        </div>
        <div
          className="new_save_tooltip hidden"
          id="new_save_tooltip"
        >
          <label
            htmlFor="prog_name"
          >
            Name:
          </label>
          <input
            id="prog_name"
            onChange={[Function]}
            type="text"
          />
          <div
            className="save_cancel"
          >
            <button
              className="save"
              onClick={[Function]}
            >
              Save
            </button>
            <button
              className="save"
              onClick={[Function]}
            >
              Cancel
            </button>
          </div>
        </div>
      </div>
      <div
        className="library"
      >
        <button
          className="back hidden"
          onClick={[Function]}
        >
          &lt; back to scales
        </button>
        <ul
          className="scales "
        >
          <li
            className="scale maj"
            onClick={[Function]}
          >
            Maj
          </li>
          <li
            className="scale min"
            onClick={[Function]}
          >
            Min
          </li>
          <li
            className="scale maj7"
            onClick={[Function]}
          >
            Maj7
          </li>
          <li
            className="scale min7"
            onClick={[Function]}
          >
            Min7
          </li>
          <li
            className="scale dim"
            onClick={[Function]}
          >
            Dim
          </li>
          <li
            className="scale dom7"
            onClick={[Function]}
          >
            Dom7
          </li>
          <li
            className="scale sus2"
            onClick={[Function]}
          >
            Sus2
          </li>
          <li
            className="scale sus4"
            onClick={[Function]}
          >
            Sus4
          </li>
          <li
            className="scale aug"
            onClick={[Function]}
          >
            Aug
          </li>
        </ul>
        <ul
          className="chords hidden"
        >
          <li
            className="note a "
            onClick={[Function]}
          >
            A
          </li>
          <li
            className="note bb "
            onClick={[Function]}
          >
            Bb
          </li>
          <li
            className="note b "
            onClick={[Function]}
          >
            B
          </li>
          <li
            className="note c "
            onClick={[Function]}
          >
            C
          </li>
          <li
            className="note db "
            onClick={[Function]}
          >
            Db
          </li>
          <li
            className="note d "
            onClick={[Function]}
          >
            D
          </li>
          <li
            className="note eb "
            onClick={[Function]}
          >
            Eb
          </li>
          <li
            className="note e "
            onClick={[Function]}
          >
            E
          </li>
          <li
            className="note f "
            onClick={[Function]}
          >
            F
          </li>
          <li
            className="note gb "
            onClick={[Function]}
          >
            Gb
          </li>
          <li
            className="note g "
            onClick={[Function]}
          >
            G
          </li>
          <li
            className="note ab "
            onClick={[Function]}
          >
            Ab
          </li>
        </ul>
      </div>
    </div>
  </section>,
]
`;
